============================= test session starts =============================
platform win32 -- Python 3.14.2, pytest-8.3.4, pluggy-1.6.0
rootdir: C:\Users\akash\ResumeRAG\backend
configfile: pytest.ini
plugins: anyio-4.13.0, asyncio-0.24.0, mock-3.14.0
asyncio: mode=Mode.AUTO, default_loop_scope=None
collected 1 item

tests/test_resume.py::test_match_rate_limit RESPONSES [200, 200, 200, 200, 200, 200, 200, 200, 200, 200, 200]
FAILED

================================== FAILURES ===================================
____________________________ test_match_rate_limit ____________________________

client = <httpx.AsyncClient object at 0x0000021948A15010>
test_user = {'access_token': 'eyJhbGciOiJIUzI1NiIsInR5cCI6IkpXVCJ9.eyJzdWIiOiJkNzVmOGQzMi1iYjY3LTQxYjYtYmE0MC03N2ViYTMxZDFhNjEiLCJ...c3MifQ.pOWyBynFalVApHF_txYSgPsWmu76R7ANVdGEnsFCuXY', 'email': 'testuser@resumerag.dev', 'password': 'securepassword99'}

    @pytest.mark.asyncio
    async def test_match_rate_limit(client: AsyncClient, test_user: dict) -> None:
        from main import limiter
        limiter.reset()
        """
        POST /resume/match is limited to 10 requests/hour per IP.
        The 11th request within the window must return 429.
    
        The entire AI pipeline is mocked so this test runs in milliseconds
        and does not require real API keys or a GPU.
        """
        # We need a resume_id in the DB first ù upload one
        with patch(
            "routers.resume.parse_pdf",
            return_value="Software engineer with experience in Python. " * 10,
        ):
            upload_resp = await client.post(
                "/resume/upload",
                headers=_auth_headers(test_user["access_token"]),
                files={"file": ("resume.pdf", io.BytesIO(MINIMAL_PDF_BYTES), "application/pdf")},
            )
        assert upload_resp.status_code == 201
        resume_id = upload_resp.json()["resume_id"]
    
        mock_profile = {
            "skills": ["Python", "FastAPI", "PostgreSQL"],
            "experience_years": 5,
            "job_titles": ["Software Engineer"],
            "summary": "Experienced Python engineer specializing in backend systems.",
        }
        mock_jobs = [
            {
                "title": "Backend Engineer",
                "company": "Acme Corp",
                "location": "Remote",
                "url": "https://example.com/job/1",
                "description": "Python FastAPI backend role.",
                "salary_min": 90000.0,
                "salary_max": 130000.0,
            }
        ]
    
        import numpy as np
    
        with (
            patch("routers.resume.extract_profile", return_value=mock_profile),
            patch("routers.resume.fetch_jobs", new_callable=AsyncMock, return_value=mock_jobs),
            patch("routers.resume.embed_text", return_value=np.random.rand(384).astype(np.float32)),
            patch("routers.resume.embed_batch", return_value=np.random.rand(1, 384).astype(np.float32)),
            patch("routers.resume.build_index", return_value=MagicMock()),
            patch("routers.resume.query_index", return_value=[(0, 0.92)]),
            patch("routers.resume.SyncSessionLocal", return_value=MagicMock()),
            patch("routers.resume.save_match_results"),
        ):
            responses = []
            for _ in range(11):
                resp = await client.post(
                    "/resume/match",
                    headers=_auth_headers(test_user["access_token"]),
                    json={"resume_id": resume_id},
                )
                responses.append(resp.status_code)
    
        print("RESPONSES", responses)
        # First 10 must succeed (200), 11th must be rate limited (429)
        assert all(code == 200 for code in responses[:10]), (
            f"Expected all 200s in first 10, got: {responses[:10]}"
        )
>       assert responses[10] == 429, (
            f"Expected 429 on 11th request, got: {responses[10]}"
        )
E       AssertionError: Expected 429 on 11th request, got: 200
E       assert 200 == 429

tests\test_resume.py:184: AssertionError
----------------------------- Captured log setup ------------------------------
INFO     services.auth_service:auth_service.py:76 New user created: testuser@resumerag.dev (id=d75f8d32-bb67-41b6-ba40-77eba31d1a61)
INFO     httpx:_client.py:1773 HTTP Request: POST http://test/auth/signup "HTTP/1.1 201 Created"
------------------------------ Captured log call ------------------------------
INFO     slowapi:extension.py:360 Storage has been reset and all limits cleared
INFO     routers.resume:resume.py:74 Resume uploaded ù resume_id=b32c779f-f65f-408e-9d18-ce6dd6d4d2da, user_id=d75f8d32-bb67-41b6-ba40-77eba31d1a61, chars=450
INFO     httpx:_client.py:1773 HTTP Request: POST http://test/resume/upload "HTTP/1.1 201 Created"
INFO     routers.resume:resume.py:169 Fresh profile extracted for resume_id=b32c779f-f65f-408e-9d18-ce6dd6d4d2da
INFO     routers.resume:resume.py:206 Match complete ù resume_id=b32c779f-f65f-408e-9d18-ce6dd6d4d2da, jobs_ranked=1, top_score=92.0
INFO     httpx:_client.py:1773 HTTP Request: POST http://test/resume/match "HTTP/1.1 200 OK"
INFO     routers.resume:resume.py:163 Using cached profile for resume_id=b32c779f-f65f-408e-9d18-ce6dd6d4d2da
INFO     routers.resume:resume.py:206 Match complete ù resume_id=b32c779f-f65f-408e-9d18-ce6dd6d4d2da, jobs_ranked=1, top_score=92.0
INFO     httpx:_client.py:1773 HTTP Request: POST http://test/resume/match "HTTP/1.1 200 OK"
INFO     routers.resume:resume.py:163 Using cached profile for resume_id=b32c779f-f65f-408e-9d18-ce6dd6d4d2da
INFO     routers.resume:resume.py:206 Match complete ù resume_id=b32c779f-f65f-408e-9d18-ce6dd6d4d2da, jobs_ranked=1, top_score=92.0
INFO     httpx:_client.py:1773 HTTP Request: POST http://test/resume/match "HTTP/1.1 200 OK"
INFO     routers.resume:resume.py:163 Using cached profile for resume_id=b32c779f-f65f-408e-9d18-ce6dd6d4d2da
INFO     routers.resume:resume.py:206 Match complete ù resume_id=b32c779f-f65f-408e-9d18-ce6dd6d4d2da, jobs_ranked=1, top_score=92.0
INFO     httpx:_client.py:1773 HTTP Request: POST http://test/resume/match "HTTP/1.1 200 OK"
INFO     routers.resume:resume.py:163 Using cached profile for resume_id=b32c779f-f65f-408e-9d18-ce6dd6d4d2da
INFO     routers.resume:resume.py:206 Match complete ù resume_id=b32c779f-f65f-408e-9d18-ce6dd6d4d2da, jobs_ranked=1, top_score=92.0
INFO     httpx:_client.py:1773 HTTP Request: POST http://test/resume/match "HTTP/1.1 200 OK"
INFO     routers.resume:resume.py:163 Using cached profile for resume_id=b32c779f-f65f-408e-9d18-ce6dd6d4d2da
INFO     routers.resume:resume.py:206 Match complete ù resume_id=b32c779f-f65f-408e-9d18-ce6dd6d4d2da, jobs_ranked=1, top_score=92.0
INFO     httpx:_client.py:1773 HTTP Request: POST http://test/resume/match "HTTP/1.1 200 OK"
INFO     routers.resume:resume.py:163 Using cached profile for resume_id=b32c779f-f65f-408e-9d18-ce6dd6d4d2da
INFO     routers.resume:resume.py:206 Match complete ù resume_id=b32c779f-f65f-408e-9d18-ce6dd6d4d2da, jobs_ranked=1, top_score=92.0
INFO     httpx:_client.py:1773 HTTP Request: POST http://test/resume/match "HTTP/1.1 200 OK"
INFO     routers.resume:resume.py:163 Using cached profile for resume_id=b32c779f-f65f-408e-9d18-ce6dd6d4d2da
INFO     routers.resume:resume.py:206 Match complete ù resume_id=b32c779f-f65f-408e-9d18-ce6dd6d4d2da, jobs_ranked=1, top_score=92.0
INFO     httpx:_client.py:1773 HTTP Request: POST http://test/resume/match "HTTP/1.1 200 OK"
INFO     routers.resume:resume.py:163 Using cached profile for resume_id=b32c779f-f65f-408e-9d18-ce6dd6d4d2da
INFO     routers.resume:resume.py:206 Match complete ù resume_id=b32c779f-f65f-408e-9d18-ce6dd6d4d2da, jobs_ranked=1, top_score=92.0
INFO     httpx:_client.py:1773 HTTP Request: POST http://test/resume/match "HTTP/1.1 200 OK"
INFO     routers.resume:resume.py:163 Using cached profile for resume_id=b32c779f-f65f-408e-9d18-ce6dd6d4d2da
INFO     routers.resume:resume.py:206 Match complete ù resume_id=b32c779f-f65f-408e-9d18-ce6dd6d4d2da, jobs_ranked=1, top_score=92.0
INFO     httpx:_client.py:1773 HTTP Request: POST http://test/resume/match "HTTP/1.1 200 OK"
INFO     routers.resume:resume.py:163 Using cached profile for resume_id=b32c779f-f65f-408e-9d18-ce6dd6d4d2da
INFO     routers.resume:resume.py:206 Match complete ù resume_id=b32c779f-f65f-408e-9d18-ce6dd6d4d2da, jobs_ranked=1, top_score=92.0
INFO     httpx:_client.py:1773 HTTP Request: POST http://test/resume/match "HTTP/1.1 200 OK"
============================== warnings summary ===============================
<frozen importlib._bootstrap>:491
  <frozen importlib._bootstrap>:491: DeprecationWarning: builtin type SwigPyPacked has no __module__ attribute

<frozen importlib._bootstrap>:491
  <frozen importlib._bootstrap>:491: DeprecationWarning: builtin type SwigPyObject has no __module__ attribute

<frozen importlib._bootstrap>:491
  <frozen importlib._bootstrap>:491: DeprecationWarning: builtin type swigvarlink has no __module__ attribute

venv\Lib\site-packages\slowapi\extension.py:717
  C:\Users\akash\ResumeRAG\backend\venv\Lib\site-packages\slowapi\extension.py:717: DeprecationWarning: 'asyncio.iscoroutinefunction' is deprecated and slated for removal in Python 3.16; use inspect.iscoroutinefunction() instead
    if asyncio.iscoroutinefunction(func):

venv\Lib\site-packages\pytest_asyncio\plugin.py:179: 233 warnings
  C:\Users\akash\ResumeRAG\backend\venv\Lib\site-packages\pytest_asyncio\plugin.py:179: DeprecationWarning: 'asyncio.iscoroutinefunction' is deprecated and slated for removal in Python 3.16; use inspect.iscoroutinefunction() instead
    return asyncio.iscoroutinefunction(obj) or inspect.isasyncgenfunction(obj)

venv\Lib\site-packages\pytest_asyncio\plugin.py:450
venv\Lib\site-packages\pytest_asyncio\plugin.py:450
venv\Lib\site-packages\pytest_asyncio\plugin.py:450
venv\Lib\site-packages\pytest_asyncio\plugin.py:450
venv\Lib\site-packages\pytest_asyncio\plugin.py:450
venv\Lib\site-packages\pytest_asyncio\plugin.py:450
  C:\Users\akash\ResumeRAG\backend\venv\Lib\site-packages\pytest_asyncio\plugin.py:450: DeprecationWarning: 'asyncio.iscoroutinefunction' is deprecated and slated for removal in Python 3.16; use inspect.iscoroutinefunction() instead
    return asyncio.iscoroutinefunction(func)

tests/test_resume.py::test_match_rate_limit
  C:\Users\akash\ResumeRAG\backend\venv\Lib\site-packages\pytest_asyncio\plugin.py:1056: DeprecationWarning: 'asyncio.get_event_loop_policy' is deprecated and slated for removal in Python 3.16
    return asyncio.get_event_loop_policy()

tests/test_resume.py::test_match_rate_limit
  C:\Users\akash\ResumeRAG\backend\venv\Lib\site-packages\pytest_asyncio\plugin.py:685: DeprecationWarning: 'asyncio.get_event_loop_policy' is deprecated and slated for removal in Python 3.16
    old_loop_policy = asyncio.get_event_loop_policy()

tests/test_resume.py::test_match_rate_limit
  C:\Users\akash\ResumeRAG\backend\venv\Lib\site-packages\pytest_asyncio\plugin.py:690: DeprecationWarning: 'asyncio.set_event_loop_policy' is deprecated and slated for removal in Python 3.16
    asyncio.set_event_loop_policy(policy)

tests/test_resume.py::test_match_rate_limit
  C:\Users\akash\ResumeRAG\backend\venv\Lib\site-packages\pytest_asyncio\plugin.py:773: DeprecationWarning: 'asyncio.get_event_loop_policy' is deprecated and slated for removal in Python 3.16
    _restore_event_loop_policy(asyncio.get_event_loop_policy()),

tests/test_resume.py::test_match_rate_limit
  C:\Users\akash\ResumeRAG\backend\venv\Lib\site-packages\pytest_asyncio\plugin.py:1028: DeprecationWarning: 'asyncio.set_event_loop_policy' is deprecated and slated for removal in Python 3.16
    asyncio.set_event_loop_policy(new_loop_policy)

tests/test_resume.py::test_match_rate_limit
  C:\Users\akash\ResumeRAG\backend\venv\Lib\site-packages\pytest_asyncio\plugin.py:1029: DeprecationWarning: 'asyncio.get_event_loop_policy' is deprecated and slated for removal in Python 3.16
    loop = asyncio.get_event_loop_policy().new_event_loop()

tests/test_resume.py::test_match_rate_limit
  C:\Users\akash\ResumeRAG\backend\venv\Lib\site-packages\pytest_asyncio\plugin.py:788: DeprecationWarning: 'asyncio.get_event_loop_policy' is deprecated and slated for removal in Python 3.16
    policy = asyncio.get_event_loop_policy()

tests/test_resume.py::test_match_rate_limit
  C:\Users\akash\ResumeRAG\backend\venv\Lib\site-packages\pytest_asyncio\plugin.py:833: DeprecationWarning: 'asyncio.get_event_loop_policy' is deprecated and slated for removal in Python 3.16
    policy = asyncio.get_event_loop_policy()

tests/test_resume.py::test_match_rate_limit
  C:\Users\akash\ResumeRAG\backend\venv\Lib\site-packages\pytest_asyncio\plugin.py:857: DeprecationWarning: 'asyncio.set_event_loop_policy' is deprecated and slated for removal in Python 3.16
    asyncio.set_event_loop_policy(previous_policy)

tests/test_resume.py::test_match_rate_limit
  C:\Users\akash\ResumeRAG\backend\venv\Lib\site-packages\pytest_asyncio\plugin.py:869: DeprecationWarning: 'asyncio.get_event_loop_policy' is deprecated and slated for removal in Python 3.16
    policy = asyncio.get_event_loop_policy()

tests/test_resume.py::test_match_rate_limit
  C:\Users\akash\ResumeRAG\backend\venv\Lib\site-packages\pytest_asyncio\plugin.py:694: DeprecationWarning: 'asyncio.set_event_loop_policy' is deprecated and slated for removal in Python 3.16
    asyncio.set_event_loop_policy(old_loop_policy)

-- Docs: https://docs.pytest.org/en/stable/how-to/capture-warnings.html
=========================== short test summary info ===========================
FAILED tests/test_resume.py::test_match_rate_limit - AssertionError: Expected...
======================= 1 failed, 254 warnings in 0.61s =======================
